=============================================================================
PHOTOPRODUCTION EVENT GENERATION
=============================================================================
Output File: eic105_pt5.root
Event Generation Configuration:
  Number of Events: 1000000
  Proton Energy:    275 GeV
  Electron Energy:  10 GeV
  pT Hat Min:       5 GeV
  Q2 Max:           1 GeV^2
=============================================================================


 *------------------------------------------------------------------------------------* 
 |                                                                                    | 
 |  *------------------------------------------------------------------------------*  | 
 |  |                                                                              |  | 
 |  |                                                                              |  | 
 |  |   PPP   Y   Y  TTTTT  H   H  III    A      Welcome to the Lund Monte Carlo!  |  | 
 |  |   P  P   Y Y     T    H   H   I    A A     This is PYTHIA version 8.311      |  | 
 |  |   PPP     Y      T    HHHHH   I   AAAAA    Last date of change:  8 Mar 2024  |  | 
 |  |   P       Y      T    H   H   I   A   A                                      |  | 
 |  |   P       Y      T    H   H  III  A   A    Now is 31 May 2025 at 01:22:18    |  | 
 |  |                                                                              |  | 
 |  |   Program documentation and an archive of historic versions is found on:     |  | 
 |  |                                                                              |  | 
 |  |                               https://pythia.org/                            |  | 
 |  |                                                                              |  | 
 |  |   PYTHIA is authored by a collaboration consisting of:                       |  | 
 |  |                                                                              |  | 
 |  |   Javira Altmann, Christian Bierlich, Naomi Cooke, Nishita Desai,            |  | 
 |  |   Leif Gellersen, Ilkka Helenius, Philip Ilten, Leif Lonnblad,               |  | 
 |  |   Stephen Mrenna, Christian Preuss, Torbjorn Sjostrand, Peter Skands,        |  | 
 |  |   Marius Utheim, and Rob Verheyen.                                           |  | 
 |  |                                                                              |  | 
 |  |   The complete list of authors, including contact information and            |  | 
 |  |   affiliations, can be found on https://pythia.org/.                         |  | 
 |  |   Problems or bugs should be reported on email at authors@pythia.org.        |  | 
 |  |                                                                              |  | 
 |  |   The main program reference is C. Bierlich et al,                           |  | 
 |  |   'A comprehensive guide to the physics and usage of Pythia 8.3',            |  | 
 |  |   SciPost Phys. Codebases 8-r8.3 (2022) [arXiv:2203.11601 [hep-ph]]          |  | 
 |  |                                                                              |  | 
 |  |   PYTHIA is released under the GNU General Public Licence version 2 or later.|  | 
 |  |   Please respect the MCnet Guidelines for Event Generator Authors and Users. |  | 
 |  |                                                                              |  | 
 |  |   Disclaimer: this program comes without any guarantees.                     |  | 
 |  |   Beware of errors and use common sense when interpreting results.           |  | 
 |  |                                                                              |  | 
 |  |   Copyright (C) 2024 Torbjorn Sjostrand                                      |  | 
 |  |                                                                              |  | 
 |  |                                                                              |  | 
 |  *------------------------------------------------------------------------------*  | 
 |                                                                                    | 
 *------------------------------------------------------------------------------------* 

 PYTHIA Warning in PhaseSpace::trialKin123: maximum for cross section violated

 *-------  PYTHIA Process Initialization  --------------------------*
 |                                                                  |
 | We collide p+ with e- at a CM energy of 1.049e+02 GeV            |
 |                                                                  |
 |------------------------------------------------------------------|
 |                                                    |             |
 | Subprocess                                    Code |   Estimated |
 |                                                    |    max (mb) |
 |                                                    |             |
 |------------------------------------------------------------------|
 |                                                    |             |
 | g g -> g g                                     111 |   2.651e-05 |
 | g g -> q qbar (uds)                            112 |   6.540e-07 |
 | q g -> q g                                     113 |   8.542e-05 |
 | q q(bar)' -> q q(bar)'                         114 |   4.182e-05 |
 | q qbar -> g g                                  115 |   8.652e-07 |
 | q qbar -> q' qbar' (uds)                       116 |   4.613e-07 |
 | g g -> c cbar                                  121 |   1.763e-07 |
 | q qbar -> c cbar                               122 |   1.377e-07 |
 | g g -> b bbar                                  123 |   3.454e-08 |
 | q qbar -> b bbar                               124 |   5.991e-08 |
 | g gamma -> q qbar (uds)                        271 |   8.292e-06 |
 | g gamma -> c cbar                              272 |   4.794e-06 |
 | g gamma -> b bbar                              273 |   4.494e-07 |
 | q gamma -> q g (udscb)                         274 |   1.051e-05 |
 | gamma g -> q qbar (uds)                        281 |   8.417e-10 |
 | gamma g -> c cbar                              282 |   7.400e-10 |
 | gamma g -> b bbar                              283 |   4.220e-11 |
 | gamma q -> q g (udscb)                         284 |   2.322e-09 |
 |                                                                  |
 *-------  End PYTHIA Process Initialization -----------------------*
PYTHIA initialized successfully.

Starting event generation...
Progress: 0% 
--- First Event Debug ---

 --------  PYTHIA Event Listing  (hard process)  -----------------------------------------------------------------------------------
 
    no         id  name            status     mothers   daughters     colours      p_x        p_y        p_z         e          m 
     0         90  (system)           -11     0     0     0     0     0     0      0.000      0.000    264.998    285.000    104.885
     1       2212  (p+)               -12     0     0     3     0     0     0      0.000      0.000    274.998    275.000      0.938
     2         11  (e-)               -12     0     0     4     0     0     0      0.000      0.000    -10.000     10.000      0.001
     3       2212  (p+)               -13     1     0     5     0     0     0      0.000      0.000    274.998    275.000      0.938
     4         22  (gamma)            -13     2     0     6     0     0     0      0.000      0.000     -8.698      8.698      0.000
     5         21  (g)                -21     3     0     7     8   103   102      0.000      0.000     22.382     22.382      0.000
     6         -1  (dbar)             -21     4     0     7     8     0   101      0.000      0.000     -1.615      1.615      0.000
     7         21  g                   23     5     6     0     0   103   101      2.622     -4.821      5.498      7.768      0.000
     8         -1  dbar                23     5     6     0     0     0   102     -2.622      4.821     15.270     16.229      0.330
                                   Charge sum:  0.333           Momentum sum:      0.000      0.000     20.768     23.997     12.024

 --------  End PYTHIA Event Listing  -----------------------------------------------------------------------------------------------
------------------------
 PYTHIA Error in BeamRemnants::setKinematics: kinematics construction failed after retrying 10 times
 PYTHIA Error in Pythia::next: partonLevel failed; try again
 PYTHIA Warning in MultipartonInteractions::scatter: no room for remnants for given scattering
 PYTHIA Abort from Pythia::next: parton+hadronLevel failed; giving up
 PYTHIA Warning in SimpleSpaceShower::pT2nextQCD: small daughter PDF
 PYTHIA Error in SimpleSpaceShower::pT2nearThreshold: stuck in loop
 PYTHIA Warning in SimpleSpaceShower::pT2nextQCD: weight above unity
 PYTHIA Warning in TauDecays::decay: unknown correlated tau production, assuming from unpolarized photon
 PYTHIA Error in BeamRemnants::setOneRemnKinematics: beam remnant invariant mass too large
 PYTHIA Warning in HadronWidths::pickMasses: angular momentum and running widths not used
10% 
 Pythia::next(): 100000 events have been generated 
20% 
 Pythia::next(): 200000 events have been generated 
30% 
 Pythia::next(): 300000 events have been generated 
 PYTHIA Warning in SimpleSpaceShower::branch: used up beam momentum; retrying parton level
 PYTHIA Error in BeamRemnants::setKinematics: no momentum left for beam remnants
40% 
 Pythia::next(): 400000 events have been generated 
 PYTHIA Error in MiniStringFragmentation::fragment: no 1- or 2-body state found above mass threshold
 PYTHIA Error in HadronLevel::next: ministring fragmentation failed
 PYTHIA Error in Pythia::next: hadronLevel failed; try again
50% 
 Pythia::next(): 500000 events have been generated 
60% 
 Pythia::next(): 600000 events have been generated 
70% 
 Pythia::next(): 700000 events have been generated 
80% 
 Pythia::next(): 800000 events have been generated 
90% 
 Pythia::next(): 900000 events have been generated 
100%


 *-------  PYTHIA Event and Cross Section Statistics  -------------------------------------------------------------*
 |                                                                                                                 |
 | Subprocess                                    Code |            Number of events       |      sigma +- delta    |
 |                                                    |       Tried   Selected   Accepted |     (estimated) (mb)   |
 |                                                    |                                   |                        |
 |-----------------------------------------------------------------------------------------------------------------|
 |                                                    |                                   |                        |
 | g g -> g g                                     111 |     1217563     103486     103484 |   2.254e-06  3.138e-09 |
 | g g -> q qbar (uds)                            112 |       29814       2666       2666 |   5.851e-08  5.275e-10 |
 | q g -> q g                                     113 |     3924310     353261     352882 |   7.677e-06  4.841e-09 |
 | q q(bar)' -> q q(bar)'                         114 |     1920877     156881     156618 |   3.430e-06  3.538e-09 |
 | q qbar -> g g                                  115 |       39984       3968       3966 |   8.542e-08  4.781e-10 |
 | q qbar -> q' qbar' (uds)                       116 |       21328       2938       2934 |   6.358e-08  4.631e-10 |
 | g g -> c cbar                                  121 |        8098        779        779 |   1.650e-08  2.878e-10 |
 | q qbar -> c cbar                               122 |        6399        822        822 |   1.841e-08  2.504e-10 |
 | g g -> b bbar                                  123 |        1538        132        132 |   3.221e-09  1.366e-10 |
 | q qbar -> b bbar                               124 |        2735        323        322 |   6.976e-09  1.565e-10 |
 | g gamma -> q qbar (uds)                        271 |      380805     129100     129100 |   2.810e-06  3.849e-09 |
 | g gamma -> c cbar                              272 |      220206      76335      76335 |   1.659e-06  3.033e-09 |
 | g gamma -> b bbar                              273 |       20522       6492       6492 |   1.414e-07  9.303e-10 |
 | q gamma -> q g (udscb)                         274 |      482617     162785     162780 |   3.538e-06  4.221e-09 |
 | gamma g -> q qbar (uds)                        281 |          30          4          4 |   5.576e-11  2.166e-11 |
 | gamma g -> c cbar                              282 |          41          4          4 |   5.768e-11  1.442e-11 |
 | gamma g -> b bbar                              283 |           2          0          0 |   0.000e+00  0.000e+00 |
 | gamma q -> q g (udscb)                         284 |         136         24         23 |   4.573e-10  3.956e-11 |
 |                                                    |                                   |                        |
 | sum                                                |     8277005    1000000     999343 |   2.176e-05  9.456e-09 |
 |                                                                                                                 |
 *-------  End PYTHIA Event and Cross Section Statistics ----------------------------------------------------------*

 *-------  PYTHIA Error and Warning Messages Statistics  ----------------------------------------------------------* 
 |                                                                                                                 | 
 |  times   message                                                                                                | 
 |                                                                                                                 | 
 |    657   Abort from Pythia::next: parton+hadronLevel failed; giving up                                          | 
 |  85822   Error in BeamRemnants::setKinematics: kinematics construction failed after retrying 10 times           | 
 |    111   Error in BeamRemnants::setKinematics: no momentum left for beam remnants                               | 
 |    701   Error in BeamRemnants::setOneRemnKinematics: beam remnant invariant mass too large                     | 
 |      2   Error in HadronLevel::next: ministring fragmentation failed                                            | 
 |      2   Error in MiniStringFragmentation::fragment: no 1- or 2-body state found above mass threshold           | 
 |      2   Error in Pythia::next: hadronLevel failed; try again                                                   | 
 |   7342   Error in Pythia::next: partonLevel failed; try again                                                   | 
 |     87   Error in SimpleSpaceShower::pT2nearThreshold: stuck in loop                                            | 
 |      6   Warning in HadronWidths::pickMasses: angular momentum and running widths not used                      | 
 |   2035   Warning in MultipartonInteractions::scatter: no room for remnants for given scattering                 | 
 |      2   Warning in PhaseSpace::trialKin123: maximum for cross section violated                                 | 
 |    289   Warning in SimpleSpaceShower::branch: used up beam momentum; retrying parton level                     | 
 |   2063   Warning in SimpleSpaceShower::pT2nextQCD: small daughter PDF                                           | 
 |    177   Warning in SimpleSpaceShower::pT2nextQCD: weight above unity                                           | 
 |      1   Warning in TauDecays::decay: unknown correlated tau production, assuming from unpolarized photon       | 
 |                                                                                                                 | 
 *-------  End PYTHIA Error and Warning Messages Statistics  ------------------------------------------------------* 

=============================================================================
EVENT GENERATION SUMMARY
=============================================================================
Total Events Generated:    1000000
Valid Events:              999343

Event Classification:
  QQ Events:               376231 (4e+01%)
  GG Events:               107450 (1e+01%)
  GQ Events:               515662 (5e+01%)
  Unclassified:            0 (0%)

Photoproduction Type:
  Resolved Events:         624636 (6e+01%)
  Direct Events:           374707 (4e+01%)

Cross Section Information:
  Total Cross Section:     1.000e+00 mb
  QQ Cross Section:        3.765e-01 mb (37.6%)
  GG Cross Section:        1.1e-01 mb (10.8%)
  GQ Cross Section:        5.2e-01 mb (51.6%)
  Total Percentage:        100.0% (OK)

Writing output file...

=============================================================================
EVENT GENERATION COMPLETED SUCCESSFULLY
=============================================================================
Output File: eic105_pt5.root

Trees Created:
  QQ_Events       :   376231 events
  GG_Events       :   107450 events
  GQ_Events       :   515662 events
  Combined_Events :   999343 events
  Resolved_Events :   624636 events
  Direct_Events   :   374707 events

Data ready for analysis!
Each tree contains final state particles with complete 4-momentum info.
=============================================================================

Event generation completed successfully!
