=============================================================================
DIFFERENTIAL JET SHAPES ANALYSIS FOR PHOTOPRODUCTION EVENTS
=============================================================================
Analysis Parameters:
  Analysis Mode:      INCLUSIVE (all jets)
  Jet Algorithm:      Anti-kT
  Jet Radius:         1
  Base Jet ET:        > 10 GeV (all jets)
  Leading Jet ET:     > 0 GeV (inclusive)
  Jet Eta Range:      [1.5, 2]
  r Range:             [0.1, 1] (annulus centers) with step 0.1
  Annulus Width:      ±0.05 around r
=============================================================================

Successfully opened input file: /Users/siddharthsingh/Analysis/ph-new/evt/allevents_pt7GeV/hera300_pT7/hera300_pT7.root
Log file: diff_alljets_hera300_pT7_eta_1.50_2.00_etMin_10.log

Processing QQ_Events...

  Events processed: 318964
  Events with jets: 27391 (8.58749%)
  Events selected (≥1 jet): 27391 (8.58749%)

Processing GG_Events...

  Events processed: 176498
  Events with jets: 21589 (12.2319%)
  Events selected (≥1 jet): 21589 (12.2319%)

Processing GQ_Events...

  Events processed: 504451
  Events with jets: 46568 (9.23142%)
  Events selected (≥1 jet): 46568 (9.23142%)

Processing Combined_Events...

  Events processed: 999913
  Events with jets: 95548 (9.55563%)
  Events selected (≥1 jet): 95548 (9.55563%)

Processing Resolved_Events...

  Events processed: 744002
  Events with jets: 78036 (10.4887%)
  Events selected (≥1 jet): 78036 (10.4887%)

Processing Direct_Events...

  Events processed: 255911
  Events with jets: 17512 (6.843%)
  Events selected (≥1 jet): 17512 (6.843%)

=============================================================================
DIFFERENTIAL JET SHAPE RESULTS
=============================================================================
Requirement: At least 1 jet passing cuts
All Jets: ET > 10 GeV, 1.5 < η < 2
=============================================================================

     r      QQ_Events      GG_Events      GQ_EventsCombined_EventsResolved_Events  Direct_Events
 -----  -------------  -------------  -------------  -------------  -------------  -------------
  0.10         3.1064         1.4990         2.2641         2.3327         2.1421         3.1820
  0.20         2.2789         1.8235         2.0848         2.0814         2.0309         2.3066
  0.30         1.3875         1.6476         1.5335         1.5174         1.5380         1.4256
  0.40         0.8855         1.3386         1.1304         1.1072         1.1510         0.9121
  0.50         0.6213         1.0851         0.8505         0.8378         0.8847         0.6285
  0.60         0.4571         0.9005         0.6695         0.6608         0.7088         0.4469
  0.70         0.3672         0.7639         0.5590         0.5503         0.5975         0.3401
  0.80         0.3044         0.6471         0.4641         0.4597         0.5022         0.2702
  0.90         0.2178         0.4643         0.3312         0.3288         0.3601         0.1893
  1.00         0.0335         0.0799         0.0539         0.0539         0.0598         0.0277

=============================================================================
Number of events contributing to each category:
=============================================================================
           QQ_Events: 27391 events
           GG_Events: 21589 events
           GQ_Events: 46568 events
     Combined_Events: 95548 events
     Resolved_Events: 78036 events
       Direct_Events: 17512 events

=============================================================================
OVERALL STATISTICS
=============================================================================
Total events processed: 2999739
Total events selected: 286644 (9.5556%)

=============================================================================
ANALYSIS COMPLETED SUCCESSFULLY!
Log file: diff_alljets_hera300_pT7_eta_1.50_2.00_etMin_10.log
=============================================================================
